// Jest Snapshot v1, https://goo.gl/fbAQLP

exports[`should input renders well snapshot 1`] = `
<input
  disabled={true}
/>
`;
