// Jest Snapshot v1, https://goo.gl/fbAQLP

exports[`should button renders well snapshot 1`] = `
<button
  disabled={true}
>
  button text
</button>
`;
